========================================================
  MINDTACTICS — Analog Horror — monochrome, red accent, VHS static
========================================================
Scenes: 15 | WAV: 15 | Each scene: 15s

  == Scene 1/15: Hook: The Final Count
  >> ffmpeg -y -i projects/mindtactics/footage/s000_video.mp4...
  >> ffmpeg -y -i projects/mindtactics/footage/s000_photo1.jpg...
  >> ffmpeg -y -i projects/mindtactics/footage/s000_photo2.jpg...
  >> ffmpeg -y -i /tmp/omfactory/mindtactics/s00_vclip.mp4...
  >> ffmpeg -y -i /tmp/omfactory/mindtactics/s00_concat.mp4...
  >> ffmpeg -y -f lavfi...
  >> ffmpeg -y -i projects/mindtactics/audio/001.wav...
  >> ffmpeg -y -stream_loop -1...
  >> ffmpeg -y -i /tmp/omfactory/sfx/static_glitch.wav...
  >> ffmpeg -y -i /tmp/omfactory/mindtactics/s00_mix.aac_voice_norm.wav...
  >> ffmpeg -y -i /tmp/omfactory/mindtactics/s00_sub.mp4...

  == Scene 2/15: Origin: The Charm
  >> ffmpeg -y -i projects/mindtactics/footage/s001_video.mp4...
  >> ffmpeg -y -i projects/mindtactics/footage/s001_photo1.jpg...
  >> ffmpeg -y -i projects/mindtactics/footage/s001_photo2.jpg...
  >> ffmpeg -y -i /tmp/omfactory/mindtactics/s01_vclip.mp4...
  >> ffmpeg -y -i /tmp/omfactory/mindtactics/s01_concat.mp4...
  >> ffmpeg -y -i projects/mindtactics/audio/002.wav...
  >> ffmpeg -y -stream_loop -1...
  >> ffmpeg -y -i /tmp/omfactory/sfx/static_glitch.wav...
  >> ffmpeg -y -i /tmp/omfactory/mindtactics/s01_mix.aac_voice_norm.wav...
  >> ffmpeg -y -i /tmp/omfactory/mindtactics/s01_sub.mp4...

  == Scene 3/15: Rise: The Mirror
  >> ffmpeg -y -i projects/mindtactics/footage/s002_video.mp4...
  >> ffmpeg -y -i projects/mindtactics/footage/s002_photo1.jpg...
  >> ffmpeg -y -i projects/mindtactics/footage/s002_photo2.jpg...
  >> ffmpeg -y -i /tmp/omfactory/mindtactics/s02_vclip.mp4...
  >> ffmpeg -y -i /tmp/omfactory/mindtactics/s02_concat.mp4...
  >> ffmpeg -y -i projects/mindtactics/audio/003.wav...
  >> ffmpeg -y -stream_loop -1...
  >> ffmpeg -y -i /tmp/omfactory/sfx/static_glitch.wav...
  >> ffmpeg -y -i /tmp/omfactory/mindtactics/s02_mix.aac_voice_norm.wav...
  >> ffmpeg -y -i /tmp/omfactory/mindtactics/s02_sub.mp4...

  == Scene 4/15: Micro-Twist 1
  >> ffmpeg -y -i projects/mindtactics/footage/s003_video.mp4...
  >> ffmpeg -y -i projects/mindtactics/footage/s003_photo1.jpg...
  >> ffmpeg -y -i projects/mindtactics/footage/s003_photo2.jpg...
  >> ffmpeg -y -i /tmp/omfactory/mindtactics/s03_vclip.mp4...
  >> ffmpeg -y -i /tmp/omfactory/mindtactics/s03_concat.mp4...
  >> ffmpeg -y -i projects/mindtactics/audio/004.wav...
  >> ffmpeg -y -stream_loop -1...
  >> ffmpeg -y -i /tmp/omfactory/sfx/static_glitch.wav...
  >> ffmpeg -y -i /tmp/omfactory/mindtactics/s03_mix.aac_voice_norm.wav...
  >> ffmpeg -y -i /tmp/omfactory/mindtactics/s03_sub.mp4...

  == Scene 5/15: Betrayal: The Blank Slate
  >> ffmpeg -y -i projects/mindtactics/footage/s004_video.mp4...
  >> ffmpeg -y -i projects/mindtactics/footage/s004_photo1.jpg...
  >> ffmpeg -y -i projects/mindtactics/footage/s004_photo2.jpg...
  >> ffmpeg -y -i /tmp/omfactory/mindtactics/s04_vclip.mp4...
  >> ffmpeg -y -i /tmp/omfactory/mindtactics/s04_concat.mp4...
  >> ffmpeg -y -i projects/mindtactics/audio/005.wav...
  >> ffmpeg -y -stream_loop -1...
  >> ffmpeg -y -i /tmp/omfactory/sfx/static_glitch.wav...
  >> ffmpeg -y -i /tmp/omfactory/mindtactics/s04_mix.aac_voice_norm.wav...
  >> ffmpeg -y -i /tmp/omfactory/mindtactics/s04_sub.mp4...

  == Scene 6/15: Unravels: The War of Words
  >> ffmpeg -y -i projects/mindtactics/footage/s005_video.mp4...
  >> ffmpeg -y -i projects/mindtactics/footage/s005_photo1.jpg...
  >> ffmpeg -y -i projects/mindtactics/footage/s005_photo2.jpg...
  >> ffmpeg -y -i /tmp/omfactory/mindtactics/s05_vclip.mp4...
