========================================================
  WEIRDHISTORY — Archive Noir — deep black, amber gold, ink blue
========================================================
Scenes: 21 | WAV: 26 | Each scene: 15s

  == Scene 1/21: The Final Verdict
  >> ffmpeg -y -i projects/weirdhistory/footage/s000_video.mp4...
  >> ffmpeg -y -i projects/weirdhistory/footage/s000_photo1.jpg...
  >> ffmpeg -y -i projects/weirdhistory/footage/s000_photo2.jpg...
  >> ffmpeg -y -i /tmp/omfactory/weirdhistory/s00_vclip.mp4...
  >> ffmpeg -y -i /tmp/omfactory/weirdhistory/s00_concat.mp4...
  >> ffmpeg -y -i projects/weirdhistory/audio/001.wav...
  >> ffmpeg -y -stream_loop -1...
  >> ffmpeg -y -i /tmp/omfactory/sfx/cinematic_boom.wav...
  >> ffmpeg -y -i /tmp/omfactory/weirdhistory/s00_mix.aac_voice_norm.wav...
  >> ffmpeg -y -i /tmp/omfactory/weirdhistory/s00_sub.mp4...

  == Scene 2/21: The Grave's Language
  >> ffmpeg -y -i projects/weirdhistory/footage/s001_video.mp4...
  >> ffmpeg -y -i projects/weirdhistory/footage/s001_photo1.jpg...
  >> ffmpeg -y -i projects/weirdhistory/footage/s001_photo2.jpg...
  >> ffmpeg -y -i /tmp/omfactory/weirdhistory/s01_vclip.mp4...
  >> ffmpeg -y -i /tmp/omfactory/weirdhistory/s01_concat.mp4...
  >> ffmpeg -y -i projects/weirdhistory/audio/002.wav...
  >> ffmpeg -y -stream_loop -1...
  >> ffmpeg -y -i /tmp/omfactory/sfx/cinematic_boom.wav...
  >> ffmpeg -y -i /tmp/omfactory/weirdhistory/s01_mix.aac_voice_norm.wav...
  >> ffmpeg -y -i /tmp/omfactory/weirdhistory/s01_sub.mp4...

  == Scene 3/21: Witnesses in the Gloom
  >> ffmpeg -y -i projects/weirdhistory/footage/s002_video.mp4...
  >> ffmpeg -y -i projects/weirdhistory/footage/s002_photo1.jpg...
  >> ffmpeg -y -i projects/weirdhistory/footage/s002_photo2.jpg...
  >> ffmpeg -y -i /tmp/omfactory/weirdhistory/s02_vclip.mp4...
  >> ffmpeg -y -i /tmp/omfactory/weirdhistory/s02_concat.mp4...
  >> ffmpeg -y -i projects/weirdhistory/audio/003.wav...
  >> ffmpeg -y -stream_loop -1...
  >> ffmpeg -y -i /tmp/omfactory/sfx/cinematic_boom.wav...
  >> ffmpeg -y -i /tmp/omfactory/weirdhistory/s02_mix.aac_voice_norm.wav...
  >> ffmpeg -y -i /tmp/omfactory/weirdhistory/s02_sub.mp4...

  == Scene 4/21: They Didn't Know the Past
  >> ffmpeg -y -i projects/weirdhistory/footage/s003_video.mp4...
  >> ffmpeg -y -i projects/weirdhistory/footage/s003_photo1.jpg...
  >> ffmpeg -y -i projects/weirdhistory/footage/s003_photo2.jpg...
  >> ffmpeg -y -i /tmp/omfactory/weirdhistory/s03_vclip.mp4...
  >> ffmpeg -y -i /tmp/omfactory/weirdhistory/s03_concat.mp4...
  >> ffmpeg -y -i projects/weirdhistory/audio/004.wav...
  >> ffmpeg -y -stream_loop -1...
  >> ffmpeg -y -i /tmp/omfactory/sfx/cinematic_boom.wav...
  >> ffmpeg -y -i /tmp/omfactory/weirdhistory/s03_mix.aac_voice_norm.wav...
  >> ffmpeg -y -i /tmp/omfactory/weirdhistory/s03_sub.mp4...

  == Scene 5/21: The Rise of Stephen VI
  >> ffmpeg -y -i projects/weirdhistory/footage/s004_video.mp4...
  >> ffmpeg -y -i projects/weirdhistory/footage/s004_photo1.jpg...
  >> ffmpeg -y -i projects/weirdhistory/footage/s004_photo2.jpg...
  >> ffmpeg -y -i /tmp/omfactory/weirdhistory/s04_vclip.mp4...
  >> ffmpeg -y -i /tmp/omfactory/weirdhistory/s04_concat.mp4...
  >> ffmpeg -y -i projects/weirdhistory/audio/005.wav...
  >> ffmpeg -y -stream_loop -1...
  >> ffmpeg -y -i /tmp/omfactory/sfx/cinematic_boom.wav...
  >> ffmpeg -y -i /tmp/omfactory/weirdhistory/s04_mix.aac_voice_norm.wav...
  >> ffmpeg -y -i /tmp/omfactory/weirdhistory/s04_sub.mp4...

  == Scene 6/21: He Was a Bishop, Too
  >> ffmpeg -y -i projects/weirdhistory/footage/s005_video.mp4...
  >> ffmpeg -y -i projects/weirdhistory/footage/s005_photo1.jpg...
  >> ffmpeg -y -i projects/weirdhistory/footage/s005_photo2.jpg...
  >> ffmpeg -y -i /tmp/omfactory/weirdhistory/s05_vclip.mp4...
  >> ffmpeg -y -i /tmp/omfactory/weirdhistory/s05_concat.mp4...
  >> ffmpeg -y -i projects/weirdhistory/audio/006.wav...
  >> ffmpeg -y -stream_loop -1...
  >> ffmpeg -y -i /tmp/omfactory/sfx/cinematic_boom.wav...
  >> ffmpeg -y -i /tmp/omfactory/weirdhistory/s05_mix.aac_voice_norm.wav...
  >> ffmpeg -y -i /tmp/omfactory/weirdhistory/s05_sub.mp4...

  == Scene 7/21: They Didn't Know the Trial
  >> ffmpeg -y -i projects/weirdhistory/footage/s006_video.mp4...
  >> ffmpeg -y -i projects/weirdhistory/footage/s006_photo1.jpg...
  >> ffmpeg -y -i projects/weirdhistory/footage/s006_photo2.jpg...
  >> ffmpeg -y -i /tmp/omfactory/weirdhistory/s06_vclip.mp4...
  >> ffmpeg -y -i /tmp/omfactory/weirdhistory/s06_concat.mp4...
  >> ffmpeg -y -i projects/weirdhistory/audio/007.wav...
  >> ffmpeg -y -stream_loop -1...
  >> ffmpeg -y -i /tmp/omfactory/sfx/cinematic_boom.wav...
  >> ffmpeg -y -i /tmp/omfactory/weirdhistory/s06_mix.aac_voice_norm.wav...
  >> ffmpeg -y -i /tmp/omfactory/weirdhistory/s06_sub.mp4...

  == Scene 8/21: The Verdict of Blood
  >> ffmpeg -y -stream_loop -1...
  >> ffmpeg -y -i projects/weirdhistory/footage/s007_photo1.jpg...
  >> ffmpeg -y -i projects/weirdhistory/footage/s007_photo2.jpg...
  >> ffmpeg -y -i /tmp/omfactory/weirdhistory/s07_vclip.mp4...
  >> ffmpeg -y -i /tmp/omfactory/weirdhistory/s07_concat.mp4...
  >> ffmpeg -y -i projects/weirdhistory/audio/008.wav...
  >> ffmpeg -y -stream_loop -1...
  >> ffmpeg -y -i /tmp/omfactory/sfx/cinematic_boom.wav...
  >> ffmpeg -y -i /tmp/omfactory/weirdhistory/s07_mix.aac_voice_norm.wav...
  >> ffmpeg -y -i /tmp/omfactory/weirdhistory/s07_sub.mp4...

  == Scene 9/21: They Didn't Know the Aftermath
  >> ffmpeg -y -i projects/weirdhistory/footage/s008_video.mp4...
  >> ffmpeg -y -i projects/weirdhistory/footage/s008_photo1.jpg...
  >> ffmpeg -y -i projects/weirdhistory/footage/s008_photo2.jpg...
  >> ffmpeg -y -i /tmp/omfactory/weirdhistory/s08_vclip.mp4...
  >> ffmpeg -y -i /tmp/omfactory/weirdhistory/s08_concat.mp4...
  >> ffmpeg -y -i projects/weirdhistory/audio/009.wav...
  >> ffmpeg -y -stream_loop -1...
  >> ffmpeg -y -i /tmp/omfactory/sfx/cinematic_boom.wav...
  >> ffmpeg -y -i /tmp/omfactory/weirdhistory/s08_mix.aac_voice_norm.wav...
  >> ffmpeg -y -i /tmp/omfactory/weirdhistory/s08_sub.mp4...

  == Scene 10/21: The Papal Politics
  >> ffmpeg -y -i projects/weirdhistory/footage/s009_video.mp4...
  >> ffmpeg -y -i projects/weirdhistory/footage/s009_photo1.jpg...
  >> ffmpeg -y -i projects/weirdhistory/footage/s009_photo2.jpg...
  >> ffmpeg -y -i /tmp/omfactory/weirdhistory/s09_vclip.mp4...
  >> ffmpeg -y -i /tmp/omfactory/weirdhistory/s09_concat.mp4...
  >> ffmpeg -y -i projects/weirdhistory/audio/010.wav...
  >> ffmpeg -y -stream_loop -1...
  >> ffmpeg -y -i /tmp/omfactory/sfx/cinematic_boom.wav...
  >> ffmpeg -y -i /tmp/omfactory/weirdhistory/s09_mix.aac_voice_norm.wav...
  >> ffmpeg -y -i /tmp/omfactory/weirdhistory/s09_sub.mp4...

  == Scene 11/21: The Legal Precedent
  >> ffmpeg -y -i projects/weirdhistory/footage/s010_video.mp4...
  >> ffmpeg -y -i projects/weirdhistory/footage/s010_photo1.jpg...
  >> ffmpeg -y -i projects/weirdhistory/footage/s010_photo2.jpg...
  >> ffmpeg -y -i /tmp/omfactory/weirdhistory/s10_vclip.mp4...
  >> ffmpeg -y -i /tmp/omfactory/weirdhistory/s10_concat.mp4...
  >> ffmpeg -y -i projects/weirdhistory/audio/011.wav...
  >> ffmpeg -y -stream_loop -1...
  >> ffmpeg -y -i /tmp/omfactory/sfx/cinematic_boom.wav...
  >> ffmpeg -y -i /tmp/omfactory/weirdhistory/s10_mix.aac_voice_norm.wav...
  >> ffmpeg -y -i /tmp/omfactory/weirdhistory/s10_sub.mp4...

  == Scene 12/21: The Church's Whisper
  >> ffmpeg -y -i projects/weirdhistory/footage/s011_video.mp4...
  >> ffmpeg -y -i projects/weirdhistory/footage/s011_photo1.jpg...
  >> ffmpeg -y -i projects/weirdhistory/footage/s011_photo2.jpg...
  >> ffmpeg -y -i /tmp/omfactory/weirdhistory/s11_vclip.mp4...
  >> ffmpeg -y -i /tmp/omfactory/weirdhistory/s11_concat.mp4...
  >> ffmpeg -y -i projects/weirdhistory/audio/012.wav...
  >> ffmpeg -y -stream_loop -1...
  >> ffmpeg -y -i /tmp/omfactory/sfx/cinematic_boom.wav...
  >> ffmpeg -y -i /tmp/omfactory/weirdhistory/s11_mix.aac_voice_norm.wav...
  >> ffmpeg -y -i /tmp/omfactory/weirdhistory/s11_sub.mp4...

  == Scene 13/21: The Final Tapestry
  >> ffmpeg -y -i projects/weirdhistory/footage/s012_video.mp4...
  >> ffmpeg -y -i projects/weirdhistory/footage/s012_photo1.jpg...
  >> ffmpeg -y -i projects/weirdhistory/footage/s012_photo2.jpg...
  >> ffmpeg -y -i /tmp/omfactory/weirdhistory/s12_vclip.mp4...
  >> ffmpeg -y -i /tmp/omfactory/weirdhistory/s12_concat.mp4...
  >> ffmpeg -y -i projects/weirdhistory/audio/013.wav...
  >> ffmpeg -y -stream_loop -1...
  >> ffmpeg -y -i /tmp/omfactory/sfx/cinematic_boom.wav...
  >> ffmpeg -y -i /tmp/omfactory/weirdhistory/s12_mix.aac_voice_norm.wav...
  >> ffmpeg -y -i /tmp/omfactory/weirdhistory/s12_sub.mp4...

  == Scene 14/21: The Legacy of Fear
  >> ffmpeg -y -i projects/weirdhistory/footage/s013_video.mp4...
  >> ffmpeg -y -i projects/weirdhistory/footage/s013_photo1.jpg...
  >> ffmpeg -y -i projects/weirdhistory/footage/s013_photo2.jpg...
  >> ffmpeg -y -i /tmp/omfactory/weirdhistory/s13_vclip.mp4...
  >> ffmpeg -y -i /tmp/omfactory/weirdhistory/s13_concat.mp4...
  >> ffmpeg -y -i projects/weirdhistory/audio/014.wav...
  >> ffmpeg -y -stream_loop -1...
  >> ffmpeg -y -i /tmp/omfactory/sfx/cinematic_boom.wav...
  >> ffmpeg -y -i /tmp/omfactory/weirdhistory/s13_mix.aac_voice_norm.wav...
  >> ffmpeg -y -i /tmp/omfactory/weirdhistory/s13_sub.mp4...

  == Scene 15/21: They Didn't Know the Influence
  >> ffmpeg -y -i projects/weirdhistory/footage/s014_video.mp4...
  >> ffmpeg -y -i projects/weirdhistory/footage/s014_photo1.jpg...
  >> ffmpeg -y -i projects/weirdhistory/footage/s014_photo2.jpg...
  >> ffmpeg -y -i /tmp/omfactory/weirdhistory/s14_vclip.mp4...
  >> ffmpeg -y -i /tmp/omfactory/weirdhistory/s14_concat.mp4...
  >> ffmpeg -y -i projects/weirdhistory/audio/015.wav...
  >> ffmpeg -y -stream_loop -1...
  >> ffmpeg -y -i /tmp/omfactory/sfx/cinematic_boom.wav...
  >> ffmpeg -y -i /tmp/omfactory/weirdhistory/s14_mix.aac_voice_norm.wav...
  >> ffmpeg -y -i /tmp/omfactory/weirdhistory/s14_sub.mp4...

  == Scene 16/21: The Architectural Shadow
  >> ffmpeg -y -i projects/weirdhistory/footage/s015_video.mp4...
  >> ffmpeg -y -i projects/weirdhistory/footage/s015_photo1.jpg...
  >> ffmpeg -y -i projects/weirdhistory/footage/s015_photo2.jpg...
  >> ffmpeg -y -i /tmp/omfactory/weirdhistory/s15_vclip.mp4...
  >> ffmpeg -y -i /tmp/omfactory/weirdhistory/s15_concat.mp4...
  >> ffmpeg -y -i projects/weirdhistory/audio/016.wav...
  >> ffmpeg -y -stream_loop -1...
  >> ffmpeg -y -i /tmp/omfactory/sfx/cinematic_boom.wav...
  >> ffmpeg -y -i /tmp/omfactory/weirdhistory/s15_mix.aac_voice_norm.wav...
  >> ffmpeg -y -i /tmp/omfactory/weirdhistory/s15_sub.mp4...

  == Scene 17/21: They Didn't Know the Myth
  >> ffmpeg -y -i projects/weirdhistory/footage/s016_video.mp4...
  >> ffmpeg -y -i projects/weirdhistory/footage/s016_photo1.jpg...
  >> ffmpeg -y -i projects/weirdhistory/footage/s016_photo2.jpg...
  >> ffmpeg -y -i /tmp/omfactory/weirdhistory/s16_vclip.mp4...
  >> ffmpeg -y -i /tmp/omfactory/weirdhistory/s16_concat.mp4...
  >> ffmpeg -y -i projects/weirdhistory/audio/017.wav...
  >> ffmpeg -y -stream_loop -1...
  >> ffmpeg -y -i /tmp/omfactory/sfx/cinematic_boom.wav...
  >> ffmpeg -y -i /tmp/omfactory/weirdhistory/s16_mix.aac_voice_norm.wav...
  >> ffmpeg -y -i /tmp/omfactory/weirdhistory/s16_sub.mp4...

  == Scene 18/21: The Final Seal
  >> ffmpeg -y -i projects/weirdhistory/footage/s017_video.mp4...
  >> ffmpeg -y -i projects/weirdhistory/footage/s017_photo1.jpg...
  >> ffmpeg -y -i projects/weirdhistory/footage/s017_photo2.jpg...
  >> ffmpeg -y -i /tmp/omfactory/weirdhistory/s17_vclip.mp4...
  >> ffmpeg -y -i /tmp/omfactory/weirdhistory/s17_concat.mp4...
  >> ffmpeg -y -i projects/weirdhistory/audio/018.wav...
  >> ffmpeg -y -stream_loop -1...
  >> ffmpeg -y -i /tmp/omfactory/sfx/cinematic_boom.wav...
  >> ffmpeg -y -i /tmp/omfactory/weirdhistory/s17_mix.aac_voice_norm.wav...
  >> ffmpeg -y -i /tmp/omfactory/weirdhistory/s17_sub.mp4...

  == Scene 19/21: They Didn't Know the Rescue
  >> ffmpeg -y -i projects/weirdhistory/footage/s018_video.mp4...
  >> ffmpeg -y -i projects/weirdhistory/footage/s018_photo1.jpg...
  >> ffmpeg -y -i projects/weirdhistory/footage/s018_photo2.jpg...
  >> ffmpeg -y -i /tmp/omfactory/weirdhistory/s18_vclip.mp4...
  >> ffmpeg -y -i /tmp/omfactory/weirdhistory/s18_concat.mp4...
  >> ffmpeg -y -i projects/weirdhistory/audio/019.wav...
  >> ffmpeg -y -stream_loop -1...
  >> ffmpeg -y -i /tmp/omfactory/sfx/cinematic_boom.wav...
  >> ffmpeg -y -i /tmp/omfactory/weirdhistory/s18_mix.aac_voice_norm.wav...
  >> ffmpeg -y -i /tmp/omfactory/weirdhistory/s18_sub.mp4...

  == Scene 20/21: The Moral of the Court
  >> ffmpeg -y -i projects/weirdhistory/footage/s019_video.mp4...
  >> ffmpeg -y -i projects/weirdhistory/footage/s019_photo1.jpg...
  >> ffmpeg -y -i projects/weirdhistory/footage/s019_photo2.jpg...
  >> ffmpeg -y -i /tmp/omfactory/weirdhistory/s19_vclip.mp4...
  >> ffmpeg -y -i /tmp/omfactory/weirdhistory/s19_concat.mp4...
  >> ffmpeg -y -i projects/weirdhistory/audio/020.wav...
  >> ffmpeg -y -stream_loop -1...
  >> ffmpeg -y -i /tmp/omfactory/sfx/cinematic_boom.wav...
  >> ffmpeg -y -i /tmp/omfactory/weirdhistory/s19_mix.aac_voice_norm.wav...
  >> ffmpeg -y -i /tmp/omfactory/weirdhistory/s19_sub.mp4...

  == Scene 21/21: Subscribe for More
  >> ffmpeg -y -i projects/weirdhistory/footage/s020_video.mp4...
  >> ffmpeg -y -i projects/weirdhistory/footage/s020_photo1.jpg...
  >> ffmpeg -y -i projects/weirdhistory/footage/s020_photo2.jpg...
  >> ffmpeg -y -i /tmp/omfactory/weirdhistory/s20_vclip.mp4...
  >> ffmpeg -y -i /tmp/omfactory/weirdhistory/s20_concat.mp4...
  >> ffmpeg -y -i projects/weirdhistory/audio/021.wav...
  >> ffmpeg -y -stream_loop -1...
  >> ffmpeg -y -i /tmp/omfactory/sfx/cinematic_boom.wav...
  >> ffmpeg -y -i /tmp/omfactory/weirdhistory/s20_mix.aac_voice_norm.wav...
  >> ffmpeg -y -i /tmp/omfactory/weirdhistory/s20_sub.mp4...
  >> ffmpeg -y -f concat...

  OK: output/weirdhistory_final.mp4
  Duration: 315s (5.3min) | Size: 14.7MB | Bitrate: 35Mbps | Profile: slow, CRF 18
